******************************************************************************
        TMS320C2000 COFF Linker PC v4.1.3                      
******************************************************************************
>> Linked Wed Jun 20 14:06:50 2012

OUTPUT FILE NAME:   <./Release/motor.out>
ENTRY POINT SYMBOL: "_c_int00"  address: 003e480d


MEMORY CONFIGURATION

                  name            origin    length      used    attr    fill
         ----------------------  --------  ---------  --------  ----  --------
PAGE  0: OTP                     003d7800   00000800  00000000  RWIX
         FLASHJ                  003d8000   00002000  000000a8  RWIX
         FLASHI                  003da000   00002000  00000000  RWIX
         FLASHH                  003dc000   00006000  00000115  RWIX
         FLASHP                  003e4000   00013ff6  00000a00  RWIX
         BEGIN                   003f7ff6   00000002  00000002  RWIX
         PASSWDS                 003f7ff8   00000008  00000000  RWIX
         ROM                     003ff000   00000fc0  00000000  RWIX
         RESET                   003fffc0   00000002  00000002  RWIX
         VECTORS                 003fffc2   0000003e  00000000  RWIX

PAGE  1: RAMM0M1                 00000000   00000800  00000400  RWIX
         DEV_EMU                 00000880   00000180  000000d6  RWIX
         FLASH_REGS              00000a80   00000060  00000008  RWIX
         CSM                     00000ae0   00000010  00000010  RWIX
         XINTF                   00000b20   00000020  00000020  RWIX
         CPU_TIMER0              00000c00   00000008  00000008  RWIX
         CPU_TIMER1              00000c08   00000008  00000008  RWIX
         CPU_TIMER2              00000c10   00000008  00000008  RWIX
         PIE_CTRL                00000ce0   00000020  0000001a  RWIX
         PIE_VECT                00000d00   00000100  00000100  RWIX
         ECAN_A                  00006000   00000100  000000dd  RWIX
         ECAN_AMBOX              00006100   00000100  00000100  RWIX
         SYSTEM                  00007010   00000020  00000020  RWIX
         SPI_A                   00007040   00000010  00000010  RWIX
         SCI_A                   00007050   00000010  00000010  RWIX
         XINTRUPT                00007070   00000010  00000010  RWIX
         GPIOMUX                 000070c0   00000020  00000020  RWIX
         GPIODAT                 000070e0   00000020  00000020  RWIX
         ADC                     00007100   00000020  0000001a  RWIX
         EV_A                    00007400   00000040  00000032  RWIX
         EV_B                    00007500   00000040  00000032  RWIX
         SPI_B                   00007740   00000010  00000000  RWIX
         SCI_B                   00007750   00000010  00000010  RWIX
         MCBSP_A                 00007800   00000040  00000000  RWIX
         RAML0L1                 00008000   00002000  00001d00  RWIX
         EXRAM                   00100000   00010000  00000000  RWIX
         CSM_PWL                 003f7ff8   00000008  00000008  RWIX
         RAMH0                   003f8000   00002000  00000000  RWIX


SECTION ALLOCATION MAP

 output                                  attributes/
section   page    origin      length       input sections
--------  ----  ----------  ----------   ----------------
IQmathTables 
*          0    003d7800    00000000     UNINITIALIZED

.cinit     0    003d8000    000000a8     
                  003d8000    00000094     weizhisudupid.obj (.cinit)
                  003d8094    0000000b     rts2800.lib : exit.obj (.cinit)
                  003d809f    00000008                 : _lock.obj (.cinit)
                  003d80a7    00000001     --HOLE-- [fill = 0]

IQmath     0    003da000    00000000     UNINITIALIZED

IQmathFastTables 
*          0    003da000    00000000     UNINITIALIZED

.econst    0    003dc000    00000115     
                  003dc000    00000100     DSP28_PieVect.obj (.econst)
                  003dc100    00000015     DSP2812LCD.obj (.econst)

.text      0    003e4000    00000a00     
                  003e4000    00000051     adinit.obj (.text)
                  003e4051    00000034     cap.obj (.text)
                  003e4085    000000c4     DSP2812LCD.obj (.text)
                  003e4149    00000008     DSP281x_CodeStartBranch.obj (.text)
                  003e4151    0000014a     DSP28_DefaultIsr.obj (.text)
                  003e429b    00000021     DSP28_PieCtrl.obj (.text)
                  003e42bc    00000020     DSP28_PieVect.obj (.text)
                  003e42dc    00000014     DSP28_Sci.obj (.text)
                  003e42f0    0000002d     DSP28_SysCtrl.obj (.text)
                  003e431d    00000079     DSP28_Xintf.obj (.text)
                  003e4396    00000032     evpwm.obj (.text)
                  003e43c8    00000048     gpioinit.obj (.text)
                  003e4410    0000007e     motorcrl.obj (.text)
                  003e448e    0000037f     weizhisudupid.obj (.text)
                  003e480d    00000046     rts2800.lib : boot.obj (.text)
                  003e4853    0000003e                 : exit.obj (.text)
                  003e4891    0000008c                 : fs_add.obj (.text)
                  003e491d    00000017                 : fs_cmp.obj (.text)
                  003e4934    0000005a                 : fs_mpy.obj (.text)
                  003e498e    00000024                 : fs_toi.obj (.text)
                  003e49b2    00000022                 : i_div.obj (.text)
                  003e49d4    0000001a                 : i_tofs.obj (.text)
                  003e49ee    0000000b                 : u_div.obj (.text)
                  003e49f9    00000007                 : _lock.obj (.text)

codestart 
*          0    003f7ff6    00000002     
                  003f7ff6    00000002     DSP281x_CodeStartBranch.obj (codestart)

.reset     0    003fffc0    00000002     
                  003fffc0    00000002     rts2800.lib : boot.obj (.reset)

vectors    0    003fffc2    00000000     UNINITIALIZED

.data      1    00000000    00000000     UNINITIALIZED

.stack     1    00000000    00000400     UNINITIALIZED

DevEmuRegsFile 
*          1    00000880    000000d6     UNINITIALIZED
                  00000880    000000d6     DSP28_GlobalVariableDefs.obj (DevEmuRegsFile)

FlashRegsFile 
*          1    00000a80    00000008     UNINITIALIZED
                  00000a80    00000008     DSP28_GlobalVariableDefs.obj (FlashRegsFile)

CsmRegsFile 
*          1    00000ae0    00000010     UNINITIALIZED
                  00000ae0    00000010     DSP28_GlobalVariableDefs.obj (CsmRegsFile)

XintfRegsFile 
*          1    00000b20    00000020     UNINITIALIZED
                  00000b20    00000020     DSP28_GlobalVariableDefs.obj (XintfRegsFile)

CpuTimer0RegsFile 
*          1    00000c00    00000008     UNINITIALIZED
                  00000c00    00000008     DSP28_GlobalVariableDefs.obj (CpuTimer0RegsFile)

CpuTimer1RegsFile 
*          1    00000c08    00000008     UNINITIALIZED
                  00000c08    00000008     DSP28_GlobalVariableDefs.obj (CpuTimer1RegsFile)

CpuTimer2RegsFile 
*          1    00000c10    00000008     UNINITIALIZED
                  00000c10    00000008     DSP28_GlobalVariableDefs.obj (CpuTimer2RegsFile)

PieCtrlRegsFile 
*          1    00000ce0    0000001a     UNINITIALIZED
                  00000ce0    0000001a     DSP28_GlobalVariableDefs.obj (PieCtrlRegsFile)

PieVectTable 
*          1    00000d00    00000100     UNINITIALIZED
                  00000d00    00000100     DSP28_GlobalVariableDefs.obj (PieVectTable)

ECanaRegsFile 
*          1    00006000    00000034     UNINITIALIZED
                  00006000    00000034     DSP28_GlobalVariableDefs.obj (ECanaRegsFile)

.bss       1    00006040    00000084     UNINITIALIZED
                  00006040    00000080     rts2800.lib : exit.obj (.bss)
                  000060c0    00000004                 : _lock.obj (.bss)

McbspRegsFile 
*          1    000060c4    00000025     UNINITIALIZED
                  000060c4    00000025     DSP28_GlobalVariableDefs.obj (McbspRegsFile)

ECanaMboxesFile 
*          1    00006100    00000100     UNINITIALIZED
                  00006100    00000100     DSP28_GlobalVariableDefs.obj (ECanaMboxesFile)

SysCtrlRegsFile 
*          1    00007010    00000020     UNINITIALIZED
                  00007010    00000020     DSP28_GlobalVariableDefs.obj (SysCtrlRegsFile)

SpiaRegsFile 
*          1    00007040    00000010     UNINITIALIZED
                  00007040    00000010     DSP28_GlobalVariableDefs.obj (SpiaRegsFile)

SciaRegsFile 
*          1    00007050    00000010     UNINITIALIZED
                  00007050    00000010     DSP28_GlobalVariableDefs.obj (SciaRegsFile)

XIntruptRegsFile 
*          1    00007070    00000010     UNINITIALIZED
                  00007070    00000010     DSP28_GlobalVariableDefs.obj (XIntruptRegsFile)

GpioMuxRegsFile 
*          1    000070c0    00000020     UNINITIALIZED
                  000070c0    00000020     DSP28_GlobalVariableDefs.obj (GpioMuxRegsFile)

GpioDataRegsFile 
*          1    000070e0    00000020     UNINITIALIZED
                  000070e0    00000020     DSP28_GlobalVariableDefs.obj (GpioDataRegsFile)

AdcRegsFile 
*          1    00007100    0000001a     UNINITIALIZED
                  00007100    0000001a     DSP28_GlobalVariableDefs.obj (AdcRegsFile)

EvaRegsFile 
*          1    00007400    00000032     UNINITIALIZED
                  00007400    00000032     DSP28_GlobalVariableDefs.obj (EvaRegsFile)

EvbRegsFile 
*          1    00007500    00000032     UNINITIALIZED
                  00007500    00000032     DSP28_GlobalVariableDefs.obj (EvbRegsFile)

ScibRegsFile 
*          1    00007750    00000010     UNINITIALIZED
                  00007750    00000010     DSP28_GlobalVariableDefs.obj (ScibRegsFile)

McbspaRegsFile 
*          1    00007800    00000000     UNINITIALIZED

.esysmem   1    00008000    00000000     UNINITIALIZED

.ebss      1    00008000    00001d00     UNINITIALIZED
                  00008000    00001c08     weizhisudupid.obj (.ebss)
                  00009c40    000000c0     DSP28_DefaultIsr.obj (.ebss)

CsmPwlFile 
*          1    003f7ff8    00000008     UNINITIALIZED
                  003f7ff8    00000008     DSP28_GlobalVariableDefs.obj (CsmPwlFile)


GLOBAL SYMBOLS: SORTED ALPHABETICALLY BY Name 

address    name
--------   ----
00006040   .bss
00000000   .data
003e4000   .text
003e4872   C$$EXIT
003e4891   FS$$ADD
003e491d   FS$$CMP
003e4934   FS$$MPY
003e498e   FS$$TOI
003e49b2   I$$DIV
003e49c3   I$$MOD
003e49d4   I$$TOFS
003e49ee   U$$DIV
003e49f3   U$$MOD
003e41ba   _ADCINT_ISR
00007100   _AdcRegs
00008024   _Average
00008005   _Averagedcc
0000800a   _Averagedcv
003e4205   _CAPINT1_ISR
003e420a   _CAPINT2_ISR
003e420f   _CAPINT3_ISR
003e4250   _CAPINT4_ISR
003e4255   _CAPINT5_ISR
003e425a   _CAPINT6_ISR
003e41ce   _CMP1INT_ISR
003e41d3   _CMP2INT_ISR
003e41d8   _CMP3INT_ISR
003e4219   _CMP4INT_ISR
003e421e   _CMP5INT_ISR
003e4223   _CMP6INT_ISR
003e4051   _Capinit
00000c00   _CpuTimer0Regs
00000c08   _CpuTimer1Regs
00000c10   _CpuTimer2Regs
003f7ff8   _CsmPwl
00000ae0   _CsmRegs
003e416a   _DATALOG_ISR
00000880   _DevEmuRegs
003e4287   _ECAN0INTA_ISR
003e428c   _ECAN1INTA_ISR
00006100   _ECanaMboxes
00006000   _ECanaRegs
003e4174   _EMUINT_ISR
00007400   _EvaRegs
00007500   _EvbRegs
00000a80   _FlashRegs
000070e0   _GpioDataRegs
000070c0   _GpioMuxRegs
003e43c8   _Gpioinit
003e4179   _ILLEGAL_ISR
003e4151   _INT13_ISR
003e4156   _INT14_ISR
003e4000   _InitAdc
003e429b   _InitPieCtrl
003e42bc   _InitPieVectTable
003e42dc   _InitSci
003e42f0   _InitSysCtrl
003e431d   _InitXintf
003e4396   _Init_eva_pwm
0000802c   _KEY_SEL_REG
00008028   _LEDReg
0000802e   _LED_COMM
00008032   _LED_DATA
003e4124   _Lcd_Init
003e425f   _MRINTA_ISR
003e4264   _MXINTA_ISR
000060c4   _McbspRegs
003e415b   _NMI_ISR
003e41c9   _PDPINTA_ISR
003e4214   _PDPINTB_ISR
003e4291   _PIE_RESERVED
00000ce0   _PieCtrl
00000d00   _PieVectTable
003dc000   _PieVectTableInit
00008004   _Pole
003e416f   _RTOSINT_ISR
00009c80   _RevBuffer
003e4273   _SCIRXINTA_ISR
003e427d   _SCIRXINTB_ISR
003e4278   _SCITXINTA_ISR
003e4282   _SCITXINTB_ISR
003e4269   _SPIRXINTA_ISR
003e426e   _SPITXINTA_ISR
00007050   _SciaRegs
00007750   _ScibRegs
003e47b8   _Scirxinta_isr
003e4808   _Scitxinta_isr
00008013   _Speed
00008015   _Speedset
00007040   _SpiaRegs
0000801e   _Sum
00008030   _Sumdcc
0000802a   _Sumdcv
00007010   _SysCtrlRegs
003e41e2   _T1CINT_ISR
003e41ec   _T1OFINT_ISR
003e41dd   _T1PINT_ISR
003e41e7   _T1UFINT_ISR
003e41f6   _T2CINT_ISR
003e4200   _T2OFINT_ISR
003e41f1   _T2PINT_ISR
003e41fb   _T2UFINT_ISR
00008038   _T2cnt
003e422d   _T3CINT_ISR
003e4237   _T3OFINT_ISR
003e4228   _T3PINT_ISR
003e4232   _T3UFINT_ISR
003e4241   _T4CINT_ISR
003e424b   _T4OFINT_ISR
003e423c   _T4PINT_ISR
003e4246   _T4UFINT_ISR
003e41bf   _TINT0_ISR
00008034   _Time
003e417e   _USER0_ISR
003e41b0   _USER10_ISR
003e41b5   _USER11_ISR
003e4183   _USER1_ISR
003e4188   _USER2_ISR
003e418d   _USER3_ISR
003e4192   _USER4_ISR
003e4197   _USER5_ISR
003e419c   _USER6_ISR
003e41a1   _USER7_ISR
003e41a6   _USER8_ISR
003e41ab   _USER9_ISR
003e41c4   _WAKEINT_ISR
003e4160   _XINT1_ISR
003e4165   _XINT2_ISR
00007070   _XIntruptRegs
00008002   _XPOS
00000b20   _XintfRegs
00008009   _YPOS
00000400   __STACK_SIZE
ffffffff   ___binit__
00006040   ___bss__
ffffffff   ___c_args__
003d8000   ___cinit__
00000000   ___data__
00000000   ___edata__
000060c4   ___end__
003e4a00   ___etext__
ffffffff   ___pinit__
003e4000   ___text__
00006044   __cleanup_ptr
00006042   __dtors_ptr
000060c2   __lock
003e49f9   __nop
003e49fa   __register_lock
003e49fd   __register_unlock
000060c0   __unlock
003e4890   _abort
003e4874   _atexit
003e480d   _c_int00
003e4564   _cap_isr
00008003   _capstastus
00008036   _count
00009c40   _datarevlength
00008008   _dcccount
0000800b   _dccurent
00008001   _dcvcount
00008000   _dcvoltage
003e4797   _delay
003e4141   _delay1
00008006   _dir
0000800f   _du
00008022   _duk
0000800e   _ek
0000800d   _ek1
00008016   _ek2
003e4853   _exit
00008020   _kd
00008026   _ki
0000801c   _kp
00008017   _l
003e40b8   _lcdfill
003e409d   _lcdpos
003e40d9   _lcdreset
003e40fe   _lcdw_chars
003e4085   _lcdwc
003e4091   _lcdwd
003e47ab   _ldelay
003e4134   _ldelay1
003e448e   _main
00008012   _nnn
003e4700   _pdpinta_isr
003e4720   _pidcontrol
00008018   _pwm
0000801b   _rece_time
00008040   _receive
0000801a   _refresh
003e4296   _rsvd_ISR
0000803a   _speed_real
00008019   _speed_resolution
00008011   _sss
003e4410   _startmotor
003e4482   _stopmotor
003e4657   _t1pint_isr
00008014   _t1prd
00008010   _t2
003e4550   _t2pint_isr
00008007   _t2prd
00008080   _test0
00008880   _test1
0000800c   _yy
ffffffff   binit
003d8000   cinit
00000000   edata
000060c4   end
003e4a00   etext
ffffffff   pinit


GLOBAL SYMBOLS: SORTED BY Symbol Address 

address    name
--------   ----
00000000   ___data__
00000000   edata
00000000   ___edata__
00000000   .data
00000400   __STACK_SIZE
00000880   _DevEmuRegs
00000a80   _FlashRegs
00000ae0   _CsmRegs
00000b20   _XintfRegs
00000c00   _CpuTimer0Regs
00000c08   _CpuTimer1Regs
00000c10   _CpuTimer2Regs
00000ce0   _PieCtrl
00000d00   _PieVectTable
00006000   _ECanaRegs
00006040   ___bss__
00006040   .bss
00006042   __dtors_ptr
00006044   __cleanup_ptr
000060c0   __unlock
000060c2   __lock
000060c4   _McbspRegs
000060c4   end
000060c4   ___end__
00006100   _ECanaMboxes
00007010   _SysCtrlRegs
00007040   _SpiaRegs
00007050   _SciaRegs
00007070   _XIntruptRegs
000070c0   _GpioMuxRegs
000070e0   _GpioDataRegs
00007100   _AdcRegs
00007400   _EvaRegs
00007500   _EvbRegs
00007750   _ScibRegs
00008000   _dcvoltage
00008001   _dcvcount
00008002   _XPOS
00008003   _capstastus
00008004   _Pole
00008005   _Averagedcc
00008006   _dir
00008007   _t2prd
00008008   _dcccount
00008009   _YPOS
0000800a   _Averagedcv
0000800b   _dccurent
0000800c   _yy
0000800d   _ek1
0000800e   _ek
0000800f   _du
00008010   _t2
00008011   _sss
00008012   _nnn
00008013   _Speed
00008014   _t1prd
00008015   _Speedset
00008016   _ek2
00008017   _l
00008018   _pwm
00008019   _speed_resolution
0000801a   _refresh
0000801b   _rece_time
0000801c   _kp
0000801e   _Sum
00008020   _kd
00008022   _duk
00008024   _Average
00008026   _ki
00008028   _LEDReg
0000802a   _Sumdcv
0000802c   _KEY_SEL_REG
0000802e   _LED_COMM
00008030   _Sumdcc
00008032   _LED_DATA
00008034   _Time
00008036   _count
00008038   _T2cnt
0000803a   _speed_real
00008040   _receive
00008080   _test0
00008880   _test1
00009c40   _datarevlength
00009c80   _RevBuffer
003d8000   ___cinit__
003d8000   cinit
003dc000   _PieVectTableInit
003e4000   ___text__
003e4000   .text
003e4000   _InitAdc
003e4051   _Capinit
003e4085   _lcdwc
003e4091   _lcdwd
003e409d   _lcdpos
003e40b8   _lcdfill
003e40d9   _lcdreset
003e40fe   _lcdw_chars
003e4124   _Lcd_Init
003e4134   _ldelay1
003e4141   _delay1
003e4151   _INT13_ISR
003e4156   _INT14_ISR
003e415b   _NMI_ISR
003e4160   _XINT1_ISR
003e4165   _XINT2_ISR
003e416a   _DATALOG_ISR
003e416f   _RTOSINT_ISR
003e4174   _EMUINT_ISR
003e4179   _ILLEGAL_ISR
003e417e   _USER0_ISR
003e4183   _USER1_ISR
003e4188   _USER2_ISR
003e418d   _USER3_ISR
003e4192   _USER4_ISR
003e4197   _USER5_ISR
003e419c   _USER6_ISR
003e41a1   _USER7_ISR
003e41a6   _USER8_ISR
003e41ab   _USER9_ISR
003e41b0   _USER10_ISR
003e41b5   _USER11_ISR
003e41ba   _ADCINT_ISR
003e41bf   _TINT0_ISR
003e41c4   _WAKEINT_ISR
003e41c9   _PDPINTA_ISR
003e41ce   _CMP1INT_ISR
003e41d3   _CMP2INT_ISR
003e41d8   _CMP3INT_ISR
003e41dd   _T1PINT_ISR
003e41e2   _T1CINT_ISR
003e41e7   _T1UFINT_ISR
003e41ec   _T1OFINT_ISR
003e41f1   _T2PINT_ISR
003e41f6   _T2CINT_ISR
003e41fb   _T2UFINT_ISR
003e4200   _T2OFINT_ISR
003e4205   _CAPINT1_ISR
003e420a   _CAPINT2_ISR
003e420f   _CAPINT3_ISR
003e4214   _PDPINTB_ISR
003e4219   _CMP4INT_ISR
003e421e   _CMP5INT_ISR
003e4223   _CMP6INT_ISR
003e4228   _T3PINT_ISR
003e422d   _T3CINT_ISR
003e4232   _T3UFINT_ISR
003e4237   _T3OFINT_ISR
003e423c   _T4PINT_ISR
003e4241   _T4CINT_ISR
003e4246   _T4UFINT_ISR
003e424b   _T4OFINT_ISR
003e4250   _CAPINT4_ISR
003e4255   _CAPINT5_ISR
003e425a   _CAPINT6_ISR
003e425f   _MRINTA_ISR
003e4264   _MXINTA_ISR
003e4269   _SPIRXINTA_ISR
003e426e   _SPITXINTA_ISR
003e4273   _SCIRXINTA_ISR
003e4278   _SCITXINTA_ISR
003e427d   _SCIRXINTB_ISR
003e4282   _SCITXINTB_ISR
003e4287   _ECAN0INTA_ISR
003e428c   _ECAN1INTA_ISR
003e4291   _PIE_RESERVED
003e4296   _rsvd_ISR
003e429b   _InitPieCtrl
003e42bc   _InitPieVectTable
003e42dc   _InitSci
003e42f0   _InitSysCtrl
003e431d   _InitXintf
003e4396   _Init_eva_pwm
003e43c8   _Gpioinit
003e4410   _startmotor
003e4482   _stopmotor
003e448e   _main
003e4550   _t2pint_isr
003e4564   _cap_isr
003e4657   _t1pint_isr
003e4700   _pdpinta_isr
003e4720   _pidcontrol
003e4797   _delay
003e47ab   _ldelay
003e47b8   _Scirxinta_isr
003e4808   _Scitxinta_isr
003e480d   _c_int00
003e4853   _exit
003e4872   C$$EXIT
003e4874   _atexit
003e4890   _abort
003e4891   FS$$ADD
003e491d   FS$$CMP
003e4934   FS$$MPY
003e498e   FS$$TOI
003e49b2   I$$DIV
003e49c3   I$$MOD
003e49d4   I$$TOFS
003e49ee   U$$DIV
003e49f3   U$$MOD
003e49f9   __nop
003e49fa   __register_lock
003e49fd   __register_unlock
003e4a00   ___etext__
003e4a00   etext
003f7ff8   _CsmPwl
ffffffff   pinit
ffffffff   ___c_args__
ffffffff   ___binit__
ffffffff   binit
ffffffff   ___pinit__

[210 symbols]
